<?xml version="1.0" encoding="utf-8"?><testsuites><testsuite name="pytest" errors="0" failures="0" skipped="0" tests="97" time="1.452" timestamp="2024-10-26T01:13:13.633233+00:00" hostname="b3719efeeb5f"><testcase classname="test_main" name="test_signup" time="0.013" /><testcase classname="test_main" name="test_signup_fail" time="0.002" /><testcase classname="test_main" name="test_login" time="0.007" /><testcase classname="test_main" name="test_login_missing_credentials" time="0.002" /><testcase classname="test_main" name="test_login_invalid_credentials" time="0.003" /><testcase classname="test_main" name="test_logout" time="0.004" /><testcase classname="test_main" name="test_logout_missing_headers" time="0.002" /><testcase classname="test_main" name="test_check_session" time="0.004" /><testcase classname="test_main" name="test_check_session_invalid" time="0.002" /><testcase classname="test_main" name="test_check_session_missing_session_id" time="0.002" /><testcase classname="test_main" name="test_get_posts" time="0.009" /><testcase classname="test_main" name="test_create_post" time="0.013" /><testcase classname="test_main" name="test_create_post_missing_fields" time="0.004" /><testcase classname="test_main" name="test_create_post_invalid_destination_format" time="0.004" /><testcase classname="test_main" name="test_create_post_non_existent_destination" time="0.008" /><testcase classname="test_main" name="test_edit_post" time="0.017" /><testcase classname="test_main" name="test_edit_post_non_existent" time="0.005" /><testcase classname="test_main" name="test_edit_unauthorized_post" time="0.011" /><testcase classname="test_main" name="test_edit_post_invalid_destination_format" time="0.011" /><testcase classname="test_main" name="test_delete_post" time="0.016" /><testcase classname="test_main" name="test_delete_post_non_existent" time="0.005" /><testcase classname="test_main" name="test_delete_unauthorized_post" time="0.011" /><testcase classname="test_main" name="test_react_to_post" time="0.010" /><testcase classname="test_main" name="test_react_to_non_existent_post" time="0.005" /><testcase classname="test_main" name="test_react_to_post_invalid_reaction" time="0.008" /><testcase classname="test_main" name="test_react_to_comment_on_post" time="0.009" /><testcase classname="test_main" name="test_react_to_non_existent_comment_on_post" time="0.008" /><testcase classname="test_main" name="test_react_to_destination" time="0.009" /><testcase classname="test_main" name="test_react_to_non_existent_destination" time="0.005" /><testcase classname="test_main" name="test_react_to_comment_on_destination" time="0.009" /><testcase classname="test_main" name="test_react_to_non_existent_comment_on_destination" time="0.009" /><testcase classname="test_main" name="test_delete_reaction_from_post" time="0.009" /><testcase classname="test_main" name="test_delete_reaction_from_non_existent_post" time="0.004" /><testcase classname="test_main" name="test_delete_reaction_from_comment_on_post" time="0.009" /><testcase classname="test_main" name="test_delete_reaction_from_non_existent_comment_on_post" time="0.008" /><testcase classname="test_main" name="test_delete_reaction_from_destination" time="0.009" /><testcase classname="test_main" name="test_delete_reaction_from_non_existent_destination" time="0.004" /><testcase classname="test_main" name="test_delete_reaction_from_comment_on_destination" time="0.009" /><testcase classname="test_main" name="test_delete_reaction_from_non_existent_comment_on_destination" time="0.008" /><testcase classname="test_main" name="test_comment_on_post" time="0.009" /><testcase classname="test_main" name="test_comment_on_non_existent_post" time="0.005" /><testcase classname="test_main" name="test_comment_on_post_missing_comment" time="0.008" /><testcase classname="test_main" name="test_comment_on_destination" time="0.009" /><testcase classname="test_main" name="test_comment_on_non_existent_destination" time="0.005" /><testcase classname="test_main" name="test_comment_on_destination_missing_comment" time="0.008" /><testcase classname="test_main" name="test_edit_comment_on_post" time="0.009" /><testcase classname="test_main" name="test_edit_comment_on_non_existent_post" time="0.005" /><testcase classname="test_main" name="test_edit_comment_on_post_missing_comment" time="0.008" /><testcase classname="test_main" name="test_edit_comment_on_destination" time="0.010" /><testcase classname="test_main" name="test_edit_comment_on_non_existent_destination" time="0.005" /><testcase classname="test_main" name="test_edit_comment_on_destination_missing_comment" time="0.008" /><testcase classname="test_main" name="test_delete_comment_from_post" time="0.009" /><testcase classname="test_main" name="test_delete_comment_from_non_existent_post" time="0.005" /><testcase classname="test_main" name="test_delete_comment_from_non_existent_comment_on_post" time="0.008" /><testcase classname="test_main" name="test_delete_comment_from_destination" time="0.009" /><testcase classname="test_main" name="test_delete_comment_from_non_existent_destination" time="0.005" /><testcase classname="test_main" name="test_delete_comment_from_non_existent_comment_on_destination" time="0.008" /><testcase classname="test_main" name="test_get_destinations" time="0.007" /><testcase classname="test_main" name="test_add_destination" time="0.008" /><testcase classname="test_main" name="test_add_destination_missing_fields" time="0.004" /><testcase classname="test_main" name="test_add_destination_duplicate_name" time="0.009" /><testcase classname="test_main" name="test_edit_destination" time="0.010" /><testcase classname="test_main" name="test_edit_non_existent_destination" time="0.005" /><testcase classname="test_main" name="test_edit_unauthorized_destination" time="0.007" /><testcase classname="test_main" name="test_delete_destination" time="0.007" /><testcase classname="test_main" name="test_delete_non_existent_destination" time="0.004" /><testcase classname="test_main" name="test_delete_unauthorized_destination" time="0.007" /><testcase classname="test_main" name="test_get_trip_goals" time="0.007" /><testcase classname="test_main" name="test_get_trip_goals_non_existent_user" time="0.004" /><testcase classname="test_main" name="test_add_trip_goal" time="0.011" /><testcase classname="test_main" name="test_add_trip_goal_missing_destination_ids" time="0.004" /><testcase classname="test_main" name="test_add_trip_goal_invalid_destination_format" time="0.004" /><testcase classname="test_main" name="test_add_trip_goal_non_existent_destination" time="0.008" /><testcase classname="test_main" name="test_edit_trip_goal" time="0.011" /><testcase classname="test_main" name="test_edit_non_existent_trip_goal" time="0.005" /><testcase classname="test_main" name="test_edit_unauthorized_trip_goal" time="0.008" /><testcase classname="test_main" name="test_edit_trip_goal_missing_destination_ids" time="0.009" /><testcase classname="test_main" name="test_edit_trip_goal_invalid_destination_format" time="0.008" /><testcase classname="test_main" name="test_edit_trip_goal_non_existent_destination" time="0.009" /><testcase classname="test_main" name="test_delete_trip_goal" time="0.009" /><testcase classname="test_main" name="test_delete_non_existent_trip_goal" time="0.005" /><testcase classname="test_main" name="test_delete_unauthorized_trip_goal" time="0.008" /><testcase classname="test_main" name="test_follow_trip_goal" time="0.011" /><testcase classname="test_main" name="test_follow_non_existent_trip_goal" time="0.005" /><testcase classname="test_main" name="test_follow_already_followed_trip_goal" time="0.008" /><testcase classname="test_main" name="test_unfollow_trip_goal" time="0.010" /><testcase classname="test_main" name="test_unfollow_non_existent_trip_goal" time="0.005" /><testcase classname="test_main" name="test_unfollow_not_followed_trip_goal" time="0.008" /><testcase classname="test_main" name="test_get_followed_trip_goals" time="0.012" /><testcase classname="test_main" name="test_get_followed_trip_goals_no_followed" time="0.008" /><testcase classname="test_main" name="test_get_followed_trip_goals_invalid_session" time="0.009" /><testcase classname="test_main" name="test_cache_popular_posts" time="0.021" /><testcase classname="test_main" name="test_cache_no_popular_posts" time="0.017" /><testcase classname="test_main" name="test_get_post_from_redis" time="0.016" /><testcase classname="test_main" name="test_get_post_from_mongodb" time="0.013" /><testcase classname="test_main" name="test_get_non_existent_post" time="0.019" /><testcase classname="test_main" name="test_get_active_sessions" time="0.016" /></testsuite></testsuites>